00000  seg_IOparams.globals.ModNum
00001  seg_IOparams.globals.ModCSRA
00002  seg_IOparams.globals.ModCSRB
00003  seg_IOparams.globals.ModCSRC
00004  seg_IOparams.globals.ChanNum
00005  seg_IOparams.globals.RunTask
00006  seg_IOparams.globals.ControlTask
00007  seg_IOparams.globals.MaxEvents
00008  seg_IOparams.globals.CoincPattern
00009  seg_IOparams.globals.CoincWait
00010  seg_IOparams.globals.SynchWait
00011  seg_IOparams.globals.InSynch
00012  seg_IOparams.globals.HostIO
00016  seg_IOparams.globals.Resume
00017  seg_IOparams.globals.FilterRange
00018  seg_IOparams.globals.ModulePattern
00019  seg_IOparams.globals.NNSharePattern
00020  seg_IOparams.globals.XETdelay
00021  seg_IOparams.globals.DblBufCSR
00022  seg_IOparams.globals.Ccontrol
00023  seg_IOparams.globals.U00
00033  seg_IOparams.globals.ExtraIn
00041  seg_IOparams.globals.HostIOData
00045  seg_IOparams.globals.PDMmaskA
00046  seg_IOparams.globals.PDMmaskB
00047  seg_IOparams.globals.PDMmaskC
00048  seg_IOparams.globals.UserIn
00064  seg_IOparams.globals.ChanCSRa0
00065  seg_IOparams.globals.ChanCSRb0
00066  seg_IOparams.globals.ChanCSRc0
00067  seg_IOparams.globals.TrackDAC0
00068  seg_IOparams.globals.SGA0
00069  seg_IOparams.globals.DigGain0
00070  seg_IOparams.globals.GainDAC0
00071  seg_IOparams.globals.BaselinePercent0
00072  seg_IOparams.globals.SlowLength0
00073  seg_IOparams.globals.SlowGap0
00074  seg_IOparams.globals.FastLength0
00075  seg_IOparams.globals.FastGap0
00076  seg_IOparams.globals.Integrator0
00077  seg_IOparams.globals.PeakSep0
00078  seg_IOparams.globals.Log2Ebin0
00079  seg_IOparams.globals.FastThresh0
00080  seg_IOparams.globals.MinWidth0
00081  seg_IOparams.globals.MaxWidth0
00082  seg_IOparams.globals.PreampTauA0
00083  seg_IOparams.globals.PreampTauB0
00084  seg_IOparams.globals.ResetDelay0
00085  seg_IOparams.globals.CoincDelay0
00086  seg_IOparams.globals.TraceLength0
00087  seg_IOparams.globals.UserDelay0
00088  seg_IOparams.globals.Xwait0
00089  seg_IOparams.globals.Xavg0
00090  seg_IOparams.globals.CFDthr0
00091  seg_IOparams.globals.PSAoffset0
00092  seg_IOparams.globals.PSAlength0
00093  seg_IOparams.globals.BLcut0
00094  seg_IOparams.globals.Log2Bweight0
00095  seg_IOparams.globals.GATEwindow0
00096  seg_IOparams.globals.GATEdelay0
00097  seg_IOparams.globals.QDC0length0
00098  seg_IOparams.globals.QDC0delay0
00099  seg_IOparams.globals.QDC1length0
00100  seg_IOparams.globals.QDC1delay0
00101  seg_IOparams.globals.FCFDth0
00102  seg_IOparams.globals.UnusedA0
00104  seg_IOparams.globals.ChExtraIn0
00112  seg_IOparams.globals.ChanCSRa1
00113  seg_IOparams.globals.ChanCSRb1
00114  seg_IOparams.globals.ChanCSRc1
00115  seg_IOparams.globals.TrackDAC1
00116  seg_IOparams.globals.SGA1
00117  seg_IOparams.globals.DigGain1
00118  seg_IOparams.globals.GainDAC1
00119  seg_IOparams.globals.BaselinePercent1
00120  seg_IOparams.globals.SlowLength1
00121  seg_IOparams.globals.SlowGap1
00122  seg_IOparams.globals.FastLength1
00123  seg_IOparams.globals.FastGap1
00124  seg_IOparams.globals.Integrator1
00125  seg_IOparams.globals.PeakSep1
00126  seg_IOparams.globals.Log2Ebin1
00127  seg_IOparams.globals.FastThresh1
00128  seg_IOparams.globals.MinWidth1
00129  seg_IOparams.globals.MaxWidth1
00130  seg_IOparams.globals.PreampTauA1
00131  seg_IOparams.globals.PreampTauB1
00132  seg_IOparams.globals.ResetDelay1
00133  seg_IOparams.globals.CoincDelay1
00134  seg_IOparams.globals.TraceLength1
00135  seg_IOparams.globals.UserDelay1
00136  seg_IOparams.globals.Xwait1
00137  seg_IOparams.globals.Xavg1
00138  seg_IOparams.globals.CFDthr1
00139  seg_IOparams.globals.PSAoffset1
00140  seg_IOparams.globals.PSAlength1
00141  seg_IOparams.globals.BLcut1
00142  seg_IOparams.globals.Log2Bweight1
00143  seg_IOparams.globals.GATEwindow1
00144  seg_IOparams.globals.GATEdelay1
00145  seg_IOparams.globals.QDC0length1
00146  seg_IOparams.globals.QDC0delay1
00147  seg_IOparams.globals.QDC1length1
00148  seg_IOparams.globals.QDC1delay1
00149  seg_IOparams.globals.FCFDth1
00150  seg_IOparams.globals.UnusedA1
00152  seg_IOparams.globals.ChExtraIn1
00160  seg_IOparams.globals.ChanCSRa2
00161  seg_IOparams.globals.ChanCSRb2
00162  seg_IOparams.globals.ChanCSRc2
00163  seg_IOparams.globals.TrackDAC2
00164  seg_IOparams.globals.SGA2
00165  seg_IOparams.globals.DigGain2
00166  seg_IOparams.globals.GainDAC2
00167  seg_IOparams.globals.BaselinePercent2
00168  seg_IOparams.globals.SlowLength2
00169  seg_IOparams.globals.SlowGap2
00170  seg_IOparams.globals.FastLength2
00171  seg_IOparams.globals.FastGap2
00172  seg_IOparams.globals.Integrator2
00173  seg_IOparams.globals.PeakSep2
00174  seg_IOparams.globals.Log2Ebin2
00175  seg_IOparams.globals.FastThresh2
00176  seg_IOparams.globals.MinWidth2
00177  seg_IOparams.globals.MaxWidth2
00178  seg_IOparams.globals.PreampTauA2
00179  seg_IOparams.globals.PreampTauB2
00180  seg_IOparams.globals.ResetDelay2
00181  seg_IOparams.globals.CoincDelay2
00182  seg_IOparams.globals.TraceLength2
00183  seg_IOparams.globals.UserDelay2
00184  seg_IOparams.globals.Xwait2
00185  seg_IOparams.globals.Xavg2
00186  seg_IOparams.globals.CFDthr2
00187  seg_IOparams.globals.PSAoffset2
00188  seg_IOparams.globals.PSAlength2
00189  seg_IOparams.globals.BLcut2
00190  seg_IOparams.globals.Log2Bweight2
00191  seg_IOparams.globals.GATEwindow2
00192  seg_IOparams.globals.GATEdelay2
00193  seg_IOparams.globals.QDC0length2
00194  seg_IOparams.globals.QDC0delay2
00195  seg_IOparams.globals.QDC1length2
00196  seg_IOparams.globals.QDC1delay2
00197  seg_IOparams.globals.FCFDth2
00198  seg_IOparams.globals.UnusedA2
00200  seg_IOparams.globals.ChExtraIn2
00208  seg_IOparams.globals.ChanCSRa3
00209  seg_IOparams.globals.ChanCSRb3
00210  seg_IOparams.globals.ChanCSRc3
00211  seg_IOparams.globals.TrackDAC3
00212  seg_IOparams.globals.SGA3
00213  seg_IOparams.globals.DigGain3
00214  seg_IOparams.globals.GainDAC3
00215  seg_IOparams.globals.BaselinePercent3
00216  seg_IOparams.globals.SlowLength3
00217  seg_IOparams.globals.SlowGap3
00218  seg_IOparams.globals.FastLength3
00219  seg_IOparams.globals.FastGap3
00220  seg_IOparams.globals.Integrator3
00221  seg_IOparams.globals.PeakSep3
00222  seg_IOparams.globals.Log2Ebin3
00223  seg_IOparams.globals.FastThresh3
00224  seg_IOparams.globals.MinWidth3
00225  seg_IOparams.globals.MaxWidth3
00226  seg_IOparams.globals.PreampTauA3
00227  seg_IOparams.globals.PreampTauB3
00228  seg_IOparams.globals.ResetDelay3
00229  seg_IOparams.globals.CoincDelay3
00230  seg_IOparams.globals.TraceLength3
00231  seg_IOparams.globals.UserDelay3
00232  seg_IOparams.globals.Xwait3
00233  seg_IOparams.globals.Xavg3
00234  seg_IOparams.globals.CFDthr3
00235  seg_IOparams.globals.PSAoffset3
00236  seg_IOparams.globals.PSAlength3
00237  seg_IOparams.globals.BLcut3
00238  seg_IOparams.globals.Log2Bweight3
00239  seg_IOparams.globals.GATEwindow3
00240  seg_IOparams.globals.GATEdelay3
00241  seg_IOparams.globals.QDC0length3
00242  seg_IOparams.globals.QDC0delay3
00243  seg_IOparams.globals.QDC1length3
00244  seg_IOparams.globals.QDC1delay3
00245  seg_IOparams.globals.FCFDth3
00246  seg_IOparams.globals.UnusedA3
00248  seg_IOparams.globals.ChExtraIn3
00256  seg_IOparams.globals.Decimation
00257  seg_IOparams.globals.RealTimeA
00258  seg_IOparams.globals.RealTimeB
00259  seg_IOparams.globals.RunTimeX
00260  seg_IOparams.globals.RunTimeA
00261  seg_IOparams.globals.RunTimeB
00262  seg_IOparams.globals.RunTimeC
00263  seg_IOparams.globals.NumEventsX
00264  seg_IOparams.globals.NumEventsA
00265  seg_IOparams.globals.NumEventsB
00266  seg_IOparams.globals.NCoincTrigX
00267  seg_IOparams.globals.NCoincTrigA
00268  seg_IOparams.globals.NCoincTrigB
00269  seg_IOparams.globals.BufHeadLen
00270  seg_IOparams.globals.EventHeadLen
00271  seg_IOparams.globals.ChanHeadLen
00272  seg_IOparams.globals.CSFDTX
00273  seg_IOparams.globals.CSFDTA
00274  seg_IOparams.globals.CSFDTB
00275  seg_IOparams.globals.CSFDTC
00276  seg_IOparams.globals.TotalTimeX
00277  seg_IOparams.globals.TotalTimeA
00278  seg_IOparams.globals.TotalTimeB
00279  seg_IOparams.globals.TotalTimeC
00280  seg_IOparams.globals.CCTX
00281  seg_IOparams.globals.CCTA
00282  seg_IOparams.globals.CCTB
00283  seg_IOparams.globals.CCTC
00284  seg_IOparams.globals.HostOData
00288  seg_IOparams.globals.EMwords
00290  seg_IOparams.globals.EMwords2
00292  seg_IOparams.globals.DSPerror
00293  seg_IOparams.globals.SynchDone
00294  seg_IOparams.globals.Temperature
00295  seg_IOparams.globals.U14
00297  seg_IOparams.globals.AOutBuffer
00298  seg_IOparams.globals.HardwareID
00299  seg_IOparams.globals.FIFOLength
00300  seg_IOparams.globals.FippiID
00301  seg_IOparams.globals.IntrfcID
00302  seg_IOparams.globals.DSPrelease
00303  seg_IOparams.globals.DSPbuild
00304  seg_IOparams.globals.UserOut
00320  seg_IOparams.globals.CounttimeX0
00321  seg_IOparams.globals.CounttimeA0
00322  seg_IOparams.globals.CounttimeB0
00323  seg_IOparams.globals.CounttimeC0
00324  seg_IOparams.globals.FastPeaksX0
00325  seg_IOparams.globals.FastPeaksA0
00326  seg_IOparams.globals.FastPeaksB0
00327  seg_IOparams.globals.FTDTX0
00328  seg_IOparams.globals.FTDTA0
00329  seg_IOparams.globals.FTDTB0
00330  seg_IOparams.globals.FTDTC0
00331  seg_IOparams.globals.SFDTX0
00332  seg_IOparams.globals.SFDTA0
00333  seg_IOparams.globals.SFDTB0
00334  seg_IOparams.globals.SFDTC0
00335  seg_IOparams.globals.GCOUNTX0
00336  seg_IOparams.globals.GCOUNTA0
00337  seg_IOparams.globals.GCOUNTB0
00338  seg_IOparams.globals.NoutX0
00339  seg_IOparams.globals.NoutA0
00340  seg_IOparams.globals.NoutB0
00341  seg_IOparams.globals.GDTX0
00342  seg_IOparams.globals.GDTA0
00343  seg_IOparams.globals.GDTB0
00344  seg_IOparams.globals.GDTC0
00345  seg_IOparams.globals.ICR0
00346  seg_IOparams.globals.OORF0
00347  seg_IOparams.globals.NPPIX0
00348  seg_IOparams.globals.NPPIA0
00349  seg_IOparams.globals.NPPIB0
00350  seg_IOparams.globals.UnusedC0
00368  seg_IOparams.globals.CounttimeX1
00369  seg_IOparams.globals.CounttimeA1
00370  seg_IOparams.globals.CounttimeB1
00371  seg_IOparams.globals.CounttimeC1
00372  seg_IOparams.globals.FastPeaksX1
00373  seg_IOparams.globals.FastPeaksA1
00374  seg_IOparams.globals.FastPeaksB1
00375  seg_IOparams.globals.FTDTX1
00376  seg_IOparams.globals.FTDTA1
00377  seg_IOparams.globals.FTDTB1
00378  seg_IOparams.globals.FTDTC1
00379  seg_IOparams.globals.SFDTX1
00380  seg_IOparams.globals.SFDTA1
00381  seg_IOparams.globals.SFDTB1
00382  seg_IOparams.globals.SFDTC1
00383  seg_IOparams.globals.GCOUNTX1
00384  seg_IOparams.globals.GCOUNTA1
00385  seg_IOparams.globals.GCOUNTB1
00386  seg_IOparams.globals.NoutX1
00387  seg_IOparams.globals.NoutA1
00388  seg_IOparams.globals.NoutB1
00389  seg_IOparams.globals.GDTX1
00390  seg_IOparams.globals.GDTA1
00391  seg_IOparams.globals.GDTB1
00392  seg_IOparams.globals.GDTC1
00393  seg_IOparams.globals.ICR1
00394  seg_IOparams.globals.OORF1
00395  seg_IOparams.globals.NPPIX1
00396  seg_IOparams.globals.NPPIA1
00397  seg_IOparams.globals.NPPIB1
00398  seg_IOparams.globals.UnusedC1
00416  seg_IOparams.globals.CounttimeX2
00417  seg_IOparams.globals.CounttimeA2
00418  seg_IOparams.globals.CounttimeB2
00419  seg_IOparams.globals.CounttimeC2
00420  seg_IOparams.globals.FastPeaksX2
00421  seg_IOparams.globals.FastPeaksA2
00422  seg_IOparams.globals.FastPeaksB2
00423  seg_IOparams.globals.FTDTX2
00424  seg_IOparams.globals.FTDTA2
00425  seg_IOparams.globals.FTDTB2
00426  seg_IOparams.globals.FTDTC2
00427  seg_IOparams.globals.SFDTX2
00428  seg_IOparams.globals.SFDTA2
00429  seg_IOparams.globals.SFDTB2
00430  seg_IOparams.globals.SFDTC2
00431  seg_IOparams.globals.GCOUNTX2
00432  seg_IOparams.globals.GCOUNTA2
00433  seg_IOparams.globals.GCOUNTB2
00434  seg_IOparams.globals.NoutX2
00435  seg_IOparams.globals.NoutA2
00436  seg_IOparams.globals.NoutB2
00437  seg_IOparams.globals.GDTX2
00438  seg_IOparams.globals.GDTA2
00439  seg_IOparams.globals.GDTB2
00440  seg_IOparams.globals.GDTC2
00441  seg_IOparams.globals.ICR2
00442  seg_IOparams.globals.OORF2
00443  seg_IOparams.globals.NPPIX2
00444  seg_IOparams.globals.NPPIA2
00445  seg_IOparams.globals.NPPIB2
00446  seg_IOparams.globals.UnusedC2
00464  seg_IOparams.globals.CounttimeX3
00465  seg_IOparams.globals.CounttimeA3
00466  seg_IOparams.globals.CounttimeB3
00467  seg_IOparams.globals.CounttimeC3
00468  seg_IOparams.globals.FastPeaksX3
00469  seg_IOparams.globals.FastPeaksA3
00470  seg_IOparams.globals.FastPeaksB3
00471  seg_IOparams.globals.FTDTX3
00472  seg_IOparams.globals.FTDTA3
00473  seg_IOparams.globals.FTDTB3
00474  seg_IOparams.globals.FTDTC3
00475  seg_IOparams.globals.SFDTX3
00476  seg_IOparams.globals.SFDTA3
00477  seg_IOparams.globals.SFDTB3
00478  seg_IOparams.globals.SFDTC3
00479  seg_IOparams.globals.GCOUNTX3
00480  seg_IOparams.globals.GCOUNTA3
00481  seg_IOparams.globals.GCOUNTB3
00482  seg_IOparams.globals.NoutX3
00483  seg_IOparams.globals.NoutA3
00484  seg_IOparams.globals.NoutB3
00485  seg_IOparams.globals.GDTX3
00486  seg_IOparams.globals.GDTA3
00487  seg_IOparams.globals.GDTB3
00488  seg_IOparams.globals.GDTC3
00489  seg_IOparams.globals.ICR3
00490  seg_IOparams.globals.OORF3
00491  seg_IOparams.globals.NPPIX3
00492  seg_IOparams.globals.NPPIA3
00493  seg_IOparams.globals.NPPIB3
00494  seg_IOparams.globals.UnusedC3
00512  seg_pmda.main.hit
00513  seg_pmda.main.event_rd_cnt
00514  seg_pmda.main.RTupdateDone
00515  seg_pmda.main.test
00516  seg_pmda.main.Echan
00520  seg_pmda.main.Tchan
00524  seg_pmda.main.Esum
00525  seg_pmda.main.Thigh
00526  seg_pmda.main.Tlow
00527  seg_pmda.main.Ichan
00531  seg_pmda.main.dbg
00547  seg_pmda.main.baseline_main
00548  seg_pmda.main.Eb
00549  seg_pmda.main.Eg
00550  seg_pmda.globals.INPUTPARCOPY
00806  seg_pmda.globals.SlowFilterRange
00807  seg_pmda.globals.ChanCSRa
00811  seg_pmda.globals.ChanCSRb
00815  seg_pmda.globals.DigGain
00819  seg_pmda.globals.OffsetDAC
00823  seg_pmda.globals.SlowLength
00827  seg_pmda.globals.SlowGap
00831  seg_pmda.globals.TraceLength
00835  seg_pmda.globals.Log2Ebin
00839  seg_pmda.globals.BLcut
00843  seg_pmda.globals.BaselinePercent
00847  seg_pmda.globals.Log2Bweight
00851  seg_pmda.globals.PreampTau
00855  seg_pmda.globals.Gamma0
00859  seg_pmda.globals.Gamma1
00863  seg_pmda.globals.DSPTH
00867  seg_pmda.globals.EnergyCorr
00879  seg_pmda.globals.DCoffsetCorr
00883  seg_pmda.globals.BLtoDC_Coeff
00887  seg_pmda.globals.RunActive
00888  seg_pmda.globals.Compression
00889  seg_pmda.globals.URetNum
00890  seg_pmda.globals.InEventLoop
00891  seg_pmda.globals.keepCSR
00892  seg_pmda.globals.BaseRejects
00896  seg_pmda.globals.PrevEvtSize
00897  seg_pmda.globals.RunInSynch
00898  seg_pmda.globals.RealTimeC
00899  seg_pmda.globals.RunType
00900  seg_pmda.globals.IsP500e
00901  seg_pmda.globals.ADCbits
00902  seg_pmda.globals.ADCrate
00903  seg_pmda.globals.ADCupperlimit
00904  seg_pmda.globals.ADConepercent
00905  seg_pmda.globals.ADCfilterupshift
00906  seg_pmda.globals.I2Estart
00907  seg_pmda.globals.I2Estep
00908  seg_pmda.globals.FIPPIaddr
00913  seg_pmda.globals.FIFOaddr
00917  seg_pmda.globals.BLaddr
00929  seg_pmda.globals.LMaddr
00941  seg_pmda.globals.NewRun
00945  seg_pmda.globals.BsumsDbg
00989  seg_pmda.globals.Baselines
00993  seg_pmda.globals.GetBaseRet
00997  seg_pmda.globals.EventNumber
00998  seg_pmda.globals.UretVal
01014  seg_pmda.globals.energy
01015  seg_pmda.globals.psa0
01016  seg_pmda.globals.psa1
01017  seg_pmda.globals.evtinfo
01018  seg_pmda.globals.timeL
01019  seg_pmda.globals.timeH
01020  seg_pmda.globals.mcabin
01021  seg_pmda.globals.mcaselect
01022  seg_pmda.globals.mcamask
01023  seg_pmda.globals.CCSRAC
01024  seg_pmda.globals.cfd0
01025  seg_pmda.globals.cfd1
01026  seg_pmda.globals.Ushare
01106  seg_pmda.globals.SkipLMwrite
01107  seg_pmda.baseline.ChanCount
01108  seg_pmda.baseline.BLsums
01144  seg_pmda.baseline.saveI4
01145  seg_pmda.baseline.DACvalue
01146  seg_pmda.baseline.DACstep
01147  seg_pmda.toolbox.x
01148  seg_pmda.toolbox.q
01149  seg_pmda.toolbox.elm
01150  seg_pmda.toolbox.elmg
01151  seg_pmda.toolbox.channumber
01152  seg_pmda.toolbox.CoeffScale
01153  seg_pmda.toolbox.Numer
01154  seg_pmda.toolbox.Denom
01155  seg_pmda.toolbox.NegOneOverTau
01156  seg_pmda.toolbox.Beta_L
01157  seg_pmda.toolbox.Beta_G
01158  seg_pmda.toolbox.Beta_GL
01159  seg_pmda.toolbox.L
01160  seg_pmda.toolbox.G
01161  seg_pmda.toolbox.BLAverage
01165  seg_pmda.toolbox.BLVariance
01169  seg_pmda.toolbox.BLCounter
01173  seg_pmda.toolbox.InverseBLCounter
01177  seg_pmda.toolbox.LeftDAC
01181  seg_pmda.toolbox.RightDAC
01185  seg_pmda.toolbox.LeftF
01189  seg_pmda.toolbox.RightF
01193  seg_pmda.toolbox.MiddleF
01197  seg_pmda.toolbox.SaveIMASK
01198  seg_pmda.toolbox.tempstack
01203  seg_pmda.toolbox.SumX
01207  seg_pmda.toolbox.SumY
01211  seg_pmda.toolbox.SumY2
01215  seg_pmda.toolbox.SumXY
01219  seg_pmda.toolbox.SumX2
01223  seg_pmda.toolbox.SumN
01227  seg_pmda.begin.channel
01228  seg_pmda.controltasks.saveIMASK
01229  seg_pmda.controltasks.EnergyRamp
01230  seg_pmda.hardware.ChanCount
01231  seg_pmda.hardware.FipBaseAddr
01232  seg_pmda.hardware.Fipreg0Lo
01233  seg_pmda.hardware.Fipreg0Hi
01234  seg_pmda.hardware.Fipreg1Lo
01235  seg_pmda.hardware.Fipreg1Hi
01236  seg_pmda.hardware.Fipreg2Lo
01237  seg_pmda.hardware.Fipreg2Hi
01238  seg_pmda.hardware.Fipreg5Lo
01239  seg_pmda.hardware.Fipreg5Hi
01240  seg_pmda.hardware.FipRegTwoSave
01244  seg_pmda.hardware.DACvalue
01245  seg_pmda.hardware.DACstep
01246  seg_pmda.hardware.DACend
01247  seg_pmda.hardware.saveChanNum
01248  seg_pmda.hardware.ACSRA
01249  seg_pmda.hardware.ACSRB
01250  seg_pmda.hardware.ACSRC
01251  seg_pmda.hardware.ASL
01252  seg_pmda.hardware.ASG
01253  seg_pmda.hardware.AFL
01254  seg_pmda.hardware.AFG
01255  seg_pmda.hardware.AThr
01256  seg_pmda.hardware.AMaxW
01257  seg_pmda.hardware.ATL
01258  seg_pmda.hardware.APSP
01259  seg_pmda.hardware.ACEI
01260  seg_pmda.hardware.ARdel
01261  seg_pmda.hardware.AGWIN
01262  seg_pmda.hardware.AGDEL
01263  seg_pmda.hardware.AUDEL
01264  seg_pmda.hardware.ASGA
01265  seg_pmda.hardware.AQDC
01266  seg_pmda.hardware.ALMA
01267  seg_pmda.hardware.ACFDTH
01268  seg_pmda.hardware.ACDEL
01269  seg_pmda.hardware.AFCFDTH
01270  seg_pmda.hardware.FIPPIclearTime
01271  seg_pmda.hardware.HW_CCSRA
01272  seg_pmda.hardware.HitModValue
01273  seg_pmda.hardware.Psep
01274  seg_pmda.hardware.fip18
01275  seg_pmda.hardware.bufaddr
01276  seg_pmda.hardware.MAPPEDGAIN
01280  seg_pmda.interrupt.ChanCount
01281  seg_pmda.interrupt.hit
01282  seg_pmda.user.channel
01283  seg_pmda.user.cfdtime
01284  seg_pmda.user.cfdscale
01285  seg_pmda.user.ratio
01286  seg_pmda.user.tmp
01792  seg_IObuf.globals.IObuffer
01536  seg_dmus.globals.UExtraIn
01664  seg_dmus.globals.UExtraOut
