    0  INTVECT:MODNUM
    1  INTVECT:MODCSRA
    2  INTVECT:MODCSRB
    3  INTVECT:MODCSRC
    4  INTVECT:CHANNUM
    5  INTVECT:RUNTASK
    6  INTVECT:CONTROLTASK
    7  INTVECT:MAXEVENTS
    8  INTVECT:COINCPATTERN
    9  INTVECT:COINCWAIT
   10  INTVECT:SYNCHWAIT
   11  INTVECT:INSYNCH
   12  INTVECT:HOSTIO
   16  INTVECT:RESUME
   17  INTVECT:FILTERRANGE
   18  INTVECT:MODULEPATTERN
   19  INTVECT:NNSHAREPATTERN
   20  INTVECT:XETDELAY
   21  INTVECT:DBLBUFCSR
   22  INTVECT:CCONTROL
   23  INTVECT:U00
   41  INTVECT:HOSTIODATA
   45  INTVECT:PDMMASKA
   46  INTVECT:PDMMASKB
   47  INTVECT:PDMMASKC
   48  INTVECT:USERIN
   64  INTVECT:CHANCSRA0
   65  INTVECT:CHANCSRB0
   66  INTVECT:CHANCSRC0
   67  INTVECT:TRACKDAC0
   68  INTVECT:SGA0
   69  INTVECT:DIGGAIN0
   70  INTVECT:GAINDAC0
   71  INTVECT:BASELINEPERCENT0
   72  INTVECT:SLOWLENGTH0
   73  INTVECT:SLOWGAP0
   74  INTVECT:FASTLENGTH0
   75  INTVECT:FASTGAP0
   76  INTVECT:INTEGRATOR0
   77  INTVECT:PEAKSEP0
   78  INTVECT:LOG2EBIN0
   79  INTVECT:FASTTHRESH0
   80  INTVECT:MINWIDTH0
   81  INTVECT:MAXWIDTH0
   82  INTVECT:PREAMPTAUA0
   83  INTVECT:PREAMPTAUB0
   84  INTVECT:RESETDELAY0
   85  INTVECT:COINCDELAY0
   86  INTVECT:TRACELENGTH0
   87  INTVECT:USERDELAY0
   88  INTVECT:XWAIT0
   89  INTVECT:XAVG0
   90  INTVECT:CFDTHR0
   91  INTVECT:PSAOFFSET0
   92  INTVECT:PSALENGTH0
   93  INTVECT:BLCUT0
   94  INTVECT:LOG2BWEIGHT0
   95  INTVECT:GATEWINDOW0
   96  INTVECT:GATEDELAY0
   97  INTVECT:QDC0LENGTH0
   98  INTVECT:QDC0DELAY0
   99  INTVECT:QDC1LENGTH0
  100  INTVECT:QDC1DELAY0
  101  INTVECT:FCFDTH0
  102  INTVECT:LOGPSMGAINAVGLEN0
  103  INTVECT:LOGPSMTEMPAVGLEN0
  104  INTVECT:UNUSEDA0
  112  INTVECT:CHANCSRA1
  113  INTVECT:CHANCSRB1
  114  INTVECT:CHANCSRC1
  115  INTVECT:TRACKDAC1
  116  INTVECT:SGA1
  117  INTVECT:DIGGAIN1
  118  INTVECT:GAINDAC1
  119  INTVECT:BASELINEPERCENT1
  120  INTVECT:SLOWLENGTH1
  121  INTVECT:SLOWGAP1
  122  INTVECT:FASTLENGTH1
  123  INTVECT:FASTGAP1
  124  INTVECT:INTEGRATOR1
  125  INTVECT:PEAKSEP1
  126  INTVECT:LOG2EBIN1
  127  INTVECT:FASTTHRESH1
  128  INTVECT:MINWIDTH1
  129  INTVECT:MAXWIDTH1
  130  INTVECT:PREAMPTAUA1
  131  INTVECT:PREAMPTAUB1
  132  INTVECT:RESETDELAY1
  133  INTVECT:COINCDELAY1
  134  INTVECT:TRACELENGTH1
  135  INTVECT:USERDELAY1
  136  INTVECT:XWAIT1
  137  INTVECT:XAVG1
  138  INTVECT:CFDTHR1
  139  INTVECT:PSAOFFSET1
  140  INTVECT:PSALENGTH1
  141  INTVECT:BLCUT1
  142  INTVECT:LOG2BWEIGHT1
  143  INTVECT:GATEWINDOW1
  144  INTVECT:GATEDELAY1
  145  INTVECT:QDC0LENGTH1
  146  INTVECT:QDC0DELAY1
  147  INTVECT:QDC1LENGTH1
  148  INTVECT:QDC1DELAY1
  149  INTVECT:FCFDTH1
  150  INTVECT:LOGPSMGAINAVGLEN1
  151  INTVECT:LOGPSMTEMPAVGLEN1
  152  INTVECT:UNUSEDA1
  160  INTVECT:CHANCSRA2
  161  INTVECT:CHANCSRB2
  162  INTVECT:CHANCSRC2
  163  INTVECT:TRACKDAC2
  164  INTVECT:SGA2
  165  INTVECT:DIGGAIN2
  166  INTVECT:GAINDAC2
  167  INTVECT:BASELINEPERCENT2
  168  INTVECT:SLOWLENGTH2
  169  INTVECT:SLOWGAP2
  170  INTVECT:FASTLENGTH2
  171  INTVECT:FASTGAP2
  172  INTVECT:INTEGRATOR2
  173  INTVECT:PEAKSEP2
  174  INTVECT:LOG2EBIN2
  175  INTVECT:FASTTHRESH2
  176  INTVECT:MINWIDTH2
  177  INTVECT:MAXWIDTH2
  178  INTVECT:PREAMPTAUA2
  179  INTVECT:PREAMPTAUB2
  180  INTVECT:RESETDELAY2
  181  INTVECT:COINCDELAY2
  182  INTVECT:TRACELENGTH2
  183  INTVECT:USERDELAY2
  184  INTVECT:XWAIT2
  185  INTVECT:XAVG2
  186  INTVECT:CFDTHR2
  187  INTVECT:PSAOFFSET2
  188  INTVECT:PSALENGTH2
  189  INTVECT:BLCUT2
  190  INTVECT:LOG2BWEIGHT2
  191  INTVECT:GATEWINDOW2
  192  INTVECT:GATEDELAY2
  193  INTVECT:QDC0LENGTH2
  194  INTVECT:QDC0DELAY2
  195  INTVECT:QDC1LENGTH2
  196  INTVECT:QDC1DELAY2
  197  INTVECT:FCFDTH2
  198  INTVECT:LOGPSMGAINAVGLEN2
  199  INTVECT:LOGPSMTEMPAVGLEN2
  200  INTVECT:UNUSEDA2
  208  INTVECT:CHANCSRA3
  209  INTVECT:CHANCSRB3
  210  INTVECT:CHANCSRC3
  211  INTVECT:TRACKDAC3
  212  INTVECT:SGA3
  213  INTVECT:DIGGAIN3
  214  INTVECT:GAINDAC3
  215  INTVECT:BASELINEPERCENT3
  216  INTVECT:SLOWLENGTH3
  217  INTVECT:SLOWGAP3
  218  INTVECT:FASTLENGTH3
  219  INTVECT:FASTGAP3
  220  INTVECT:INTEGRATOR3
  221  INTVECT:PEAKSEP3
  222  INTVECT:LOG2EBIN3
  223  INTVECT:FASTTHRESH3
  224  INTVECT:MINWIDTH3
  225  INTVECT:MAXWIDTH3
  226  INTVECT:PREAMPTAUA3
  227  INTVECT:PREAMPTAUB3
  228  INTVECT:RESETDELAY3
  229  INTVECT:COINCDELAY3
  230  INTVECT:TRACELENGTH3
  231  INTVECT:USERDELAY3
  232  INTVECT:XWAIT3
  233  INTVECT:XAVG3
  234  INTVECT:CFDTHR3
  235  INTVECT:PSAOFFSET3
  236  INTVECT:PSALENGTH3
  237  INTVECT:BLCUT3
  238  INTVECT:LOG2BWEIGHT3
  239  INTVECT:GATEWINDOW3
  240  INTVECT:GATEDELAY3
  241  INTVECT:QDC0LENGTH3
  242  INTVECT:QDC0DELAY3
  243  INTVECT:QDC1LENGTH3
  244  INTVECT:QDC1DELAY3
  245  INTVECT:FCFDTH3
  246  INTVECT:LOGPSMGAINAVGLEN3
  247  INTVECT:LOGPSMTEMPAVGLEN3
  248  INTVECT:UNUSEDA3
  256  INTVECT:DECIMATION
  257  INTVECT:REALTIMEA
  258  INTVECT:REALTIMEB
  259  INTVECT:RUNTIMEX
  260  INTVECT:RUNTIMEA
  261  INTVECT:RUNTIMEB
  262  INTVECT:RUNTIMEC
  263  INTVECT:NUMEVENTSX
  264  INTVECT:NUMEVENTSA
  265  INTVECT:NUMEVENTSB
  266  INTVECT:NCOINCTRIGX
  267  INTVECT:NCOINCTRIGA
  268  INTVECT:NCOINCTRIGB
  269  INTVECT:BUFHEADLEN
  270  INTVECT:EVENTHEADLEN
  271  INTVECT:CHANHEADLEN
  272  INTVECT:CSFDTX
  273  INTVECT:CSFDTA
  274  INTVECT:CSFDTB
  275  INTVECT:CSFDTC
  276  INTVECT:TOTALTIMEX
  277  INTVECT:TOTALTIMEA
  278  INTVECT:TOTALTIMEB
  279  INTVECT:TOTALTIMEC
  280  INTVECT:CCTX
  281  INTVECT:CCTA
  282  INTVECT:CCTB
  283  INTVECT:CCTC
  284  INTVECT:HOSTODATA
  288  INTVECT:EMWORDS
  290  INTVECT:EMWORDS2
  292  INTVECT:DSPERROR
  293  INTVECT:SYNCHDONE
  294  INTVECT:TEMPERATURE
  295  INTVECT:PROGRAMSTAGE
  296  INTVECT:U14
  297  INTVECT:AOUTBUFFER
  298  INTVECT:HARDWAREID
  299  INTVECT:FIFOLENGTH
  300  INTVECT:FIPPIID
  301  INTVECT:INTRFCID
  302  INTVECT:DSPRELEASE
  303  INTVECT:DSPBUILD
  304  INTVECT:USEROUT
  320  INTVECT:COUNTTIMEX0
  321  INTVECT:COUNTTIMEA0
  322  INTVECT:COUNTTIMEB0
  323  INTVECT:COUNTTIMEC0
  324  INTVECT:FASTPEAKSX0
  325  INTVECT:FASTPEAKSA0
  326  INTVECT:FASTPEAKSB0
  327  INTVECT:FTDTX0
  328  INTVECT:FTDTA0
  329  INTVECT:FTDTB0
  330  INTVECT:FTDTC0
  331  INTVECT:SFDTX0
  332  INTVECT:SFDTA0
  333  INTVECT:SFDTB0
  334  INTVECT:SFDTC0
  335  INTVECT:GCOUNTX0
  336  INTVECT:GCOUNTA0
  337  INTVECT:GCOUNTB0
  338  INTVECT:NOUTX0
  339  INTVECT:NOUTA0
  340  INTVECT:NOUTB0
  341  INTVECT:GDTX0
  342  INTVECT:GDTA0
  343  INTVECT:GDTB0
  344  INTVECT:GDTC0
  345  INTVECT:ICR0
  346  INTVECT:OORF0
  347  INTVECT:NPPIX0
  348  INTVECT:NPPIA0
  349  INTVECT:NPPIB0
  350  INTVECT:PSMGAINAVG0
  351  INTVECT:PSMTEMPAVG0
  352  INTVECT:UNUSEDC0
  368  INTVECT:COUNTTIMEX1
  369  INTVECT:COUNTTIMEA1
  370  INTVECT:COUNTTIMEB1
  371  INTVECT:COUNTTIMEC1
  372  INTVECT:FASTPEAKSX1
  373  INTVECT:FASTPEAKSA1
  374  INTVECT:FASTPEAKSB1
  375  INTVECT:FTDTX1
  376  INTVECT:FTDTA1
  377  INTVECT:FTDTB1
  378  INTVECT:FTDTC1
  379  INTVECT:SFDTX1
  380  INTVECT:SFDTA1
  381  INTVECT:SFDTB1
  382  INTVECT:SFDTC1
  383  INTVECT:GCOUNTX1
  384  INTVECT:GCOUNTA1
  385  INTVECT:GCOUNTB1
  386  INTVECT:NOUTX1
  387  INTVECT:NOUTA1
  388  INTVECT:NOUTB1
  389  INTVECT:GDTX1
  390  INTVECT:GDTA1
  391  INTVECT:GDTB1
  392  INTVECT:GDTC1
  393  INTVECT:ICR1
  394  INTVECT:OORF1
  395  INTVECT:NPPIX1
  396  INTVECT:NPPIA1
  397  INTVECT:NPPIB1
  398  INTVECT:PSMGAINAVG1
  399  INTVECT:PSMTEMPAVG1
  400  INTVECT:UNUSEDC1
  416  INTVECT:COUNTTIMEX2
  417  INTVECT:COUNTTIMEA2
  418  INTVECT:COUNTTIMEB2
  419  INTVECT:COUNTTIMEC2
  420  INTVECT:FASTPEAKSX2
  421  INTVECT:FASTPEAKSA2
  422  INTVECT:FASTPEAKSB2
  423  INTVECT:FTDTX2
  424  INTVECT:FTDTA2
  425  INTVECT:FTDTB2
  426  INTVECT:FTDTC2
  427  INTVECT:SFDTX2
  428  INTVECT:SFDTA2
  429  INTVECT:SFDTB2
  430  INTVECT:SFDTC2
  431  INTVECT:GCOUNTX2
  432  INTVECT:GCOUNTA2
  433  INTVECT:GCOUNTB2
  434  INTVECT:NOUTX2
  435  INTVECT:NOUTA2
  436  INTVECT:NOUTB2
  437  INTVECT:GDTX2
  438  INTVECT:GDTA2
  439  INTVECT:GDTB2
  440  INTVECT:GDTC2
  441  INTVECT:ICR2
  442  INTVECT:OORF2
  443  INTVECT:NPPIX2
  444  INTVECT:NPPIA2
  445  INTVECT:NPPIB2
  446  INTVECT:PSMGAINAVG2
  447  INTVECT:PSMTEMPAVG2
  448  INTVECT:UNUSEDC2
  464  INTVECT:COUNTTIMEX3
  465  INTVECT:COUNTTIMEA3
  466  INTVECT:COUNTTIMEB3
  467  INTVECT:COUNTTIMEC3
  468  INTVECT:FASTPEAKSX3
  469  INTVECT:FASTPEAKSA3
  470  INTVECT:FASTPEAKSB3
  471  INTVECT:FTDTX3
  472  INTVECT:FTDTA3
  473  INTVECT:FTDTB3
  474  INTVECT:FTDTC3
  475  INTVECT:SFDTX3
  476  INTVECT:SFDTA3
  477  INTVECT:SFDTB3
  478  INTVECT:SFDTC3
  479  INTVECT:GCOUNTX3
  480  INTVECT:GCOUNTA3
  481  INTVECT:GCOUNTB3
  482  INTVECT:NOUTX3
  483  INTVECT:NOUTA3
  484  INTVECT:NOUTB3
  485  INTVECT:GDTX3
  486  INTVECT:GDTA3
  487  INTVECT:GDTB3
  488  INTVECT:GDTC3
  489  INTVECT:ICR3
  490  INTVECT:OORF3
  491  INTVECT:NPPIX3
  492  INTVECT:NPPIA3
  493  INTVECT:NPPIB3
  494  INTVECT:PSMGAINAVG3
  495  INTVECT:PSMTEMPAVG3
  496  INTVECT:UNUSEDC3
  512  USER:SAVEI0
  513  USER:SAVEI1
  514  USER:SAVEI3
  515  USER:SAVEI4
  516  USER:SAVEL1
  517  USER:MYBUFFER
 1613  BASELINE:CH
 1614  BASELINE:BLCUT
 1615  BASELINE:REJECT
 1616  BASELINE:REJECTCOUNT
 1620  BASELINE:BNORM
 1622  BASELINE:FIPADDR
 1623  BASELINE:MYFLAG
 1624  BASELINE:SAVEI1
 1625  BASELINE:MYI0
 1626  BEGIN:INTMASK
 1627  BEGIN:XDEBUG
 1628  BEGIN:SAVEI5
 1629  BEGIN:RUNCHECK
 1630  BEGIN:OUTLENGTHNOTRACE
 1631  BEGIN:RAWLENGTHNOTRACE
 1632  BEGIN:RAWLENGTHTRACE
 1633  BEGIN:CIRCULAR
 1634  BEGIN:FIFO
 1635  BEGIN:LIST
 1636  BEGIN:PP_STOP
 1637  COEFF:EXM
 1640  COEFF:ELM
 1643  COEFF:EGM
 1646  COEFF:ELGM
 1649  COEFF:RBUF
 1652  COEFF:UPSHIFTFCOEF
 1659  COEFF:UPSHIFTXCOEF
 1666  COEFF:UPSHIFTBNORM
 1673  COEFF:SL
 1674  COEFF:SG
 1675  COEFF:DEC
 1676  COEFF:X
 1679  COEFF:ADDRECORR
 1680  COEFF:DIGG
 1681  COEFF:INT
 1682  COEFF:TAUFP
 1685  DOUBLEMATH:EXPDATA
 1715  DOUBLEMATH:VAL
 1718  DOUBLEMATH:XN
 1721  DOUBLEMATH:NV
 1722  DOUBLEMATH:Z
 1725  DOUBLEMATH:G
 1728  DOUBLEMATH:RES1
 1731  DOUBLEMATH:RES2
 1734  DOUBLEMATH:RES3
 1737  DOUBLEMATH:RES4
 1740  DOUBLEMATH:RES5
 1743  DOUBLEMATH:RES6
 1746  DOUBLEMATH:RES7
 1749  DOUBLEMATH:RES8
 1752  EXTMEM:INTMASK
 1753  CONFIGURATION:CHANCOUNT
 1754  CONFIGURATION:MYMASK
 1755  CONFIGURATION:HW_CCSRA
 1756  CONFIGURATION:HW_CCSRC
 1757  CONFIGURATION:HW_SGA
 1758  CONFIGURATION:ACSR
 1759  CONFIGURATION:ACSRC
 1760  CONFIGURATION:ASL
 1761  CONFIGURATION:AFL
 1762  CONFIGURATION:APS
 1763  CONFIGURATION:ATHR
 1764  CONFIGURATION:AMINW
 1765  CONFIGURATION:ARDEL
 1766  CONFIGURATION:PSEP
 1767  CONFIGURATION:DEC
 1768  CONFIGURATION:ACFDR
 1769  CONFIGURATION:AGDEL
 1770  CONFIGURATION:AGWIN
 1771  CONFIGURATION:ATRACELEN
 1772  CONFIGURATION:AUDEL
 1773  CONFIGURATION:ASGA
 1774  CONFIGURATION:POL
 1782  CONFIGURATION:FIP18
 1783  CONFIGURATION:HITMODVALUE
 1784  CONFIGURATION:PSEPMIN
 1785  CONFIGURATION:DECPERIOD
 1786  CONFIGURATION:FIPPICLEAR
 1787  CONFIGURATION:COUNT
 1788  CONFIGURATION:LOOPCOUNT
 1789  CONFIGURATION:DACVALUE
 1790  CONFIGURATION:DACSTEP
 1791  CONFIGURATION:BUFADDR
 1792  CONFIGURATION:TDAC
 1796  CONFIGURATION:CSR
 1800  CONFIGURATION:LOG2B
 1804  CONFIGURATION:ROFF
 1808  CONFIGURATION:SUCESSMASK
 1809  CONFIGURATION:RCHAN
 1810  CONFIGURATION:FIRSTDAC
 1811  CONFIGURATION:SAVEI0
 1812  CONFIGURATION:SAVEI1
 1813  CONFIGURATION:DNLK
 1814  CONFIGURATION:DNLREP
 1815  INTVECT:RT0A
 1816  INTVECT:RT0B
 1817  INTVECT:RT0C
 1818  INTVECT:PRTA
 1819  INTVECT:PRTB
 1820  INTVECT:PRTC
 1821  INTVECT:STNRA
 1822  INTVECT:STNRB
 1823  INTVECT:STNRC
 1824  INTVECT:RUNACTIVE
 1825  INTVECT:RUNTYPE
 1826  INTVECT:RAWBUFFER
 1827  INTVECT:RAWBUFLEN
 1828  INTVECT:RAWBUFTOP
 1829  INTVECT:RAWBUFEND
 1830  INTVECT:RAWBUFFIRST
 1831  INTVECT:RAWBUFLAST
 1832  INTVECT:RAWCHANLENGTH
 1836  INTVECT:RAWLENGTH
 1837  INTVECT:OUTBUFFER
 1838  INTVECT:OUTBUFLEN
 1839  INTVECT:OUTBUFTOP
 1840  INTVECT:OUTBUFEND
 1841  INTVECT:OUTBUFLAST
 1842  INTVECT:OUTLENGTH
 1843  INTVECT:OUTCHANLENGTH
 1847  INTVECT:NEWEVENTDATA
 1848  INTVECT:NCHANNELS
 1849  INTVECT:ATSTART
 1850  INTVECT:TLEN
 1851  INTVECT:ENERGY
 1852  INTVECT:URETVAL
 1858  INTVECT:USERACTIVE
 1859  INTVECT:NEWRUN
 1863  INTVECT:B0B1
 1869  INTVECT:B0B1AVG
 1893  INTVECT:FIPPIADDR
 1898  INTVECT:FIFOADDR
 1902  INTVECT:BASECUT
 1906  INTVECT:ENERGYCORR
 1950  INTVECT:ALLMCACTRL
 1966  INTVECT:DCOFFSET
 1970  INTVECT:INEVENTLOOP
 1971  INTVECT:PROCESSINGDONE
 1972  INTVECT:CHREADMASK
 1973  INTVECT:ALWAYSMASK
 1974  INTVECT:RUNEVENTS
 1976  INTVECT:MPCTRL
 2028  INTVECT:MPCTRLMCA
 2036  INTVECT:COMPRESSION
 2037  INTVECT:GROUPCLEAR
 2038  INTVECT:EXTPAGE
 2039  INTVECT:EPSDT
 2040  INTVECT:NUMPERIODIC
 2041  INTVECT:FIRSTDELTADAC
 2044  INTVECT:GETBASERET
 2048  TESTSEGS:SCOPEBUFFER
 3072  BASELINE:BASEHISTO
 3584  BASELINE:BASENOISE
 3586  BASELINE:SAVEI0
 3587  BASELINE:STOPHISTO
 3588  INTVECT:INTCTRLZDT
 3608  INTVECT:PSARESULT
 3609  INTVECT:URETNUM
 3610  INTVECT:UGLOBALS
 3642  INTVECT:USKIPHISTO
 3643  INTVECT:USKIPEVENT
 3644  INTVECT:HITPATTERN
 3645  INTVECT:E0L
 3646  INTVECT:E0H
 3647  INTVECT:E1L
 3648  INTVECT:E1H
 3649  INTVECT:EGL
 3650  INTVECT:EGH
 3651  INTVECT:CCSRB
 3652  INTVECT:DIGGAIN
 3653  INTVECT:FIPPICHCTRL
 3657  INTVECT:KEEPADDR
 3658  INTVECT:KEEPCSR
 3659  INTVECT:NUMBUF
 3660  INTVECT:ODDWORDFLAG
 3661  INTVECT:ODDWORD
 3662  INTVECT:EMDONE
 3663  INTVECT:MCOINCCSRSET
 3664  INTVECT:MCOINCCSRCLR
 3665  INTVECT:EMADDRESS
 3667  INTVECT:EMBASEADDRESS
 3668  INTVECT:MAXTRANSFERS
 3669  INTVECT:ECLOVER
 3673  INTVECT:NOIOINPERIODIC
 3674  INTVECT:EVTIMEL
 3675  INTVECT:EVTIMEM
 3676  INTVECT:CHTIMEL
 3677  INTVECT:TRACE4XWAIT
 3678  INTVECT:TRACE4XBITS
 3679  INTVECT:WALLCLOCKADDR
 3680  INTVECT:EVENTTIMELADDR
 3681  INTVECT:EVENTTIMEHADDR
 3682  INTVECT:SAUNAGAMMABINFACTOR
 3683  INTVECT:SAUNABETABINFACTOR
 3684  INTVECT:SAVEI1
 3685  INTVECT:SAVEI2
 3686  INTVECT:SAVEL2
 3687  INTVECT:SAVEI6
 3688  INTVECT:SAVEI5
 3689  INTVECT:SAVEM7
 3690  INTVECT:HIT
 3691  INTVECT:HITCLEAR
 3692  INTVECT:I6NOW
 3693  INTVECT:I6NEW
 3694  INTVECT:TIMESTAMP
 3695  INTVECT:CHANNEL
 3696  INTVECT:MYTIME
 3697  INTVECT:HELLO
 3698  INTVECT:AHIT
 3699  INTVECT:ACHANN
 3700  INTVECT:MODHIT
 3701  INTVECT:REJECT
 3702  INTVECT:GSFLT
 3703  INTVECT:DEBUG
 3718  INTVECT:TEMPSUM
 3719  INTVECT:NUMTEMPREADS
 3720  INTVECT:HALFTEMP
 3721  MAIN:HIT
 3722  MAIN:CHBIT
 3723  MAIN:CHNUM
 3724  MULTIPAR:CHANNEL
 3725  MULTIPAR:LOG2EBIN
 3726  MULTIPAR:PUCVAL
 3727  MULTIPAR:TARR
 3728  MULTIPAR:I4OLD
 3729  MULTIPAR:I3OLD
 3730  MULTIPAR:I2OLD
 3731  MULTIPAR:I1OLD
 3732  MULTIPAR:I0OLD
 3733  MULTIPAR:CHLEN
 3734  MULTIPAR:EQUAL
 3735  MULTIPAR:LASTI1
 3736  MULTIPAR:CURRENTI3
 3737  MULTIPAR:AENERGY
 3738  MULTIPAR:CCSRA
 3739  MULTIPAR:ACCSRA
 3740  MULTIPAR:SPLEN
 3741  MULTIPAR:EMIN
 3742  MULTIPAR:ANATSTART
 3743  MULTIPAR:ANATLENGTH
 3744  MULTIPAR:EF
 3745  MULTIPAR:BADEVENT
 3746  MULTIPAR:NOTHIT
 3747  MULTIPAR:COMPRESS
 3748  MULTIPAR:AHIT
 3749  MULTIPAR:GATE
 3750  MULTIPAR:SAVEI2
 3751  MULTIPAR:NSKIPS
 3752  MULTIPAR:EALLBETA
 3753  MULTIPAR:EFBF
 3817  MULTIPAR:SAVEI3
 3818  MULTIPAR:SAVEI4
 3819  MULTIPAR:SAVEM7
 3820  MULTIPAR:MCABIN
 3822  MULTIPAR:B0L
 3823  MULTIPAR:B0H
 3824  MULTIPAR:B1L
 3825  MULTIPAR:B1H
 3826  MULTIPAR:TSTART
 3827  MULTIPAR:TSTOP
 3828  MULTIPAR:MYENERGY
 3829  MULTIPAR:MYOPCODE
 3830  MULTIPAR:MYCOEFF
 3831  MULTIPAR:NECPEAK
 3832  MULTIPAR:LL
 3835  MULTIPAR:REPCOUNT
 3836  TESTSEGS:INTMASK
 3837  TESTSEGS:DNLDACVALUE
 3838  TESTSEGS:ADCREG
 3839  TESTSEGS:OLDVALUE
 4096  INTVECT:EVENTBUFFER
 8156  INTVECT:BUFFER
